// Jest Snapshot v1, https://goo.gl/fbAQLP

exports[`FormEditor renders the dummy form 1`] = `
<div
  className="FormEditor"
>
  <div
    className="FormEditor-field"
  >
    <div
      className="FormEditor-background"
    >
      <div
        className="form-group"
      >
        <label
          className="form-label"
          htmlFor="requiredField"
        >
          Required text field*
        </label>
        <input
          className="form-control"
          id="requiredField"
          onChange={[Function]}
          readOnly={true}
          required={true}
          type="text"
          value=""
        />
        <small
          className="text-muted form-text"
        >
          This is the help text for the required text field which is required.
        </small>
      </div>
      <div
        className="FormEditor-controls"
      >
        <div
          className="mr-2 btn-group"
          role="group"
        >
          <div
            className="dropdown"
          >
            <button
              aria-expanded={false}
              aria-haspopup={true}
              className="dropdown-toggle btn btn-outline-primary btn-sm"
              disabled={false}
              onClick={[Function]}
              type="button"
            >
              Add field above…
            </button>
          </div>
        </div>
        <div
          className="mr-2 btn-group"
          role="group"
        >
          <button
            className="btn btn-outline-secondary btn-sm"
            disabled={true}
            onClick={[Function]}
            type="button"
          >
            Move up
          </button>
          <button
            className="btn btn-outline-secondary btn-sm"
            disabled={false}
            onClick={[Function]}
            type="button"
          >
            Move down
          </button>
        </div>
        <div
          className="btn-group"
          role="group"
        >
          <button
            className="btn btn-outline-secondary btn-sm"
            disabled={false}
            onClick={[Function]}
            type="button"
          >
            Edit field
            …
          </button>
          <button
            className="btn btn-outline-danger btn-sm"
            disabled={false}
            onClick={[Function]}
            type="button"
          >
            Remove field
            …
          </button>
        </div>
      </div>
    </div>
  </div>
  <div
    className="FormEditor-field"
  >
    <div
      className="FormEditor-background"
    >
      <div
        className="form-group"
      >
        <label
          className="form-label"
          htmlFor="optionalField"
        >
          Optional text field
        </label>
        <input
          className="form-control"
          id="optionalField"
          onChange={[Function]}
          readOnly={true}
          type="text"
          value=""
        />
      </div>
      <div
        className="FormEditor-controls"
      >
        <div
          className="mr-2 btn-group"
          role="group"
        >
          <div
            className="dropdown"
          >
            <button
              aria-expanded={false}
              aria-haspopup={true}
              className="dropdown-toggle btn btn-outline-primary btn-sm"
              disabled={false}
              onClick={[Function]}
              type="button"
            >
              Add field above…
            </button>
          </div>
        </div>
        <div
          className="mr-2 btn-group"
          role="group"
        >
          <button
            className="btn btn-outline-secondary btn-sm"
            disabled={false}
            onClick={[Function]}
            type="button"
          >
            Move up
          </button>
          <button
            className="btn btn-outline-secondary btn-sm"
            disabled={false}
            onClick={[Function]}
            type="button"
          >
            Move down
          </button>
        </div>
        <div
          className="btn-group"
          role="group"
        >
          <button
            className="btn btn-outline-secondary btn-sm"
            disabled={false}
            onClick={[Function]}
            type="button"
          >
            Edit field
            …
          </button>
          <button
            className="btn btn-outline-danger btn-sm"
            disabled={false}
            onClick={[Function]}
            type="button"
          >
            Remove field
            …
          </button>
        </div>
      </div>
    </div>
  </div>
  <div
    className="FormEditor-field"
  >
    <div
      className="FormEditor-background"
    >
      <div
        className="pb-3"
      />
      <div
        className="FormEditor-controls"
      >
        <div
          className="mr-2 btn-group"
          role="group"
        >
          <div
            className="dropdown"
          >
            <button
              aria-expanded={false}
              aria-haspopup={true}
              className="dropdown-toggle btn btn-outline-primary btn-sm"
              disabled={false}
              onClick={[Function]}
              type="button"
            >
              Add field above…
            </button>
          </div>
        </div>
        <div
          className="mr-2 btn-group"
          role="group"
        >
          <button
            className="btn btn-outline-secondary btn-sm"
            disabled={false}
            onClick={[Function]}
            type="button"
          >
            Move up
          </button>
          <button
            className="btn btn-outline-secondary btn-sm"
            disabled={false}
            onClick={[Function]}
            type="button"
          >
            Move down
          </button>
        </div>
        <div
          className="btn-group"
          role="group"
        >
          <button
            className="btn btn-outline-secondary btn-sm"
            disabled={true}
            onClick={[Function]}
            type="button"
          >
            Edit field
            …
          </button>
          <button
            className="btn btn-outline-danger btn-sm"
            disabled={false}
            onClick={[Function]}
            type="button"
          >
            Remove field
            …
          </button>
        </div>
      </div>
    </div>
  </div>
  <div
    className="FormEditor-field"
  >
    <div
      className="FormEditor-background"
    >
      <div
        className="form-group"
      >
        <div
          className="form-check"
        >
          <input
            checked={false}
            className="form-check-input"
            disabled={true}
            id="requiredCheckbox"
            onChange={[Function]}
            required={true}
            type="checkbox"
          />
          <label
            className="form-check-label"
            htmlFor="requiredCheckbox"
          >
            Required checkbox*
          </label>
          <small
            className="text-muted mb-3 form-text"
          >
            This checkbox is required. You need to check it.
          </small>
        </div>
         
      </div>
      <div
        className="FormEditor-controls"
      >
        <div
          className="mr-2 btn-group"
          role="group"
        >
          <div
            className="dropdown"
          >
            <button
              aria-expanded={false}
              aria-haspopup={true}
              className="dropdown-toggle btn btn-outline-primary btn-sm"
              disabled={false}
              onClick={[Function]}
              type="button"
            >
              Add field above…
            </button>
          </div>
        </div>
        <div
          className="mr-2 btn-group"
          role="group"
        >
          <button
            className="btn btn-outline-secondary btn-sm"
            disabled={false}
            onClick={[Function]}
            type="button"
          >
            Move up
          </button>
          <button
            className="btn btn-outline-secondary btn-sm"
            disabled={false}
            onClick={[Function]}
            type="button"
          >
            Move down
          </button>
        </div>
        <div
          className="btn-group"
          role="group"
        >
          <button
            className="btn btn-outline-secondary btn-sm"
            disabled={false}
            onClick={[Function]}
            type="button"
          >
            Edit field
            …
          </button>
          <button
            className="btn btn-outline-danger btn-sm"
            disabled={false}
            onClick={[Function]}
            type="button"
          >
            Remove field
            …
          </button>
        </div>
      </div>
    </div>
  </div>
  <div
    className="FormEditor-field"
  >
    <div
      className="FormEditor-background"
    >
      <div
        className="form-group"
      >
        <div
          className="form-check"
        >
          <input
            checked={false}
            className="form-check-input"
            disabled={true}
            id="optionalCheckbox"
            onChange={[Function]}
            required={false}
            type="checkbox"
          />
          <label
            className="form-check-label"
            htmlFor="optionalCheckbox"
          >
            Optional checkbox
          </label>
          <small
            className="text-muted mb-3 form-text"
          >
            This checkbox is not required. You don't need to check it.
          </small>
        </div>
         
      </div>
      <div
        className="FormEditor-controls"
      >
        <div
          className="mr-2 btn-group"
          role="group"
        >
          <div
            className="dropdown"
          >
            <button
              aria-expanded={false}
              aria-haspopup={true}
              className="dropdown-toggle btn btn-outline-primary btn-sm"
              disabled={false}
              onClick={[Function]}
              type="button"
            >
              Add field above…
            </button>
          </div>
        </div>
        <div
          className="mr-2 btn-group"
          role="group"
        >
          <button
            className="btn btn-outline-secondary btn-sm"
            disabled={false}
            onClick={[Function]}
            type="button"
          >
            Move up
          </button>
          <button
            className="btn btn-outline-secondary btn-sm"
            disabled={true}
            onClick={[Function]}
            type="button"
          >
            Move down
          </button>
        </div>
        <div
          className="btn-group"
          role="group"
        >
          <button
            className="btn btn-outline-secondary btn-sm"
            disabled={false}
            onClick={[Function]}
            type="button"
          >
            Edit field
            …
          </button>
          <button
            className="btn btn-outline-danger btn-sm"
            disabled={false}
            onClick={[Function]}
            type="button"
          >
            Remove field
            …
          </button>
        </div>
      </div>
    </div>
  </div>
  <div
    className="mr-2 btn-group"
    role="group"
  >
    <div
      className="dropdown"
    >
      <button
        aria-expanded={false}
        aria-haspopup={true}
        className="dropdown-toggle btn btn-outline-primary btn-sm"
        disabled={false}
        onClick={[Function]}
        type="button"
      >
        Add field
      </button>
    </div>
  </div>
</div>
`;
